--------------------------------------------------------------------------------------
Timing Analyzer Summary
--------------------------------------------------------------------------------------

Type           : Worst-case tsu
Slack          : N/A
Required Time  : None
Actual Time    : 2.763 ns
From           : SW[1]
To             : T_ff:T15|Qn
From Clock     : --
To Clock       : KEY[0]
Failed Paths   : 0

Type           : Worst-case tco
Slack          : N/A
Required Time  : None
Actual Time    : 7.861 ns
From           : T_ff:T0|Qn
To             : HEX0[5]
From Clock     : KEY[0]
To Clock       : --
Failed Paths   : 0

Type           : Worst-case tpd
Slack          : N/A
Required Time  : None
Actual Time    : 5.033 ns
From           : SW[1]
To             : LEDR[1]
From Clock     : --
To Clock       : --
Failed Paths   : 0

Type           : Worst-case th
Slack          : N/A
Required Time  : None
Actual Time    : -0.594 ns
From           : SW[1]
To             : T_ff:T1|Qn
From Clock     : --
To Clock       : KEY[0]
Failed Paths   : 0

Type           : Clock Setup: 'KEY[0]'
Slack          : N/A
Required Time  : None
Actual Time    : 369.69 MHz ( period = 2.705 ns )
From           : T_ff:T3|Qn
To             : T_ff:T15|Qn
From Clock     : KEY[0]
To Clock       : KEY[0]
Failed Paths   : 0

Type           : Total number of failed paths
Slack          : 
Required Time  : 
Actual Time    : 
From           : 
To             : 
From Clock     : 
To Clock       : 
Failed Paths   : 0

--------------------------------------------------------------------------------------

